// Jest Snapshot v1, https://goo.gl/fbAQLP

exports[`Pruebas en la Vista DetailsView Debe de renderizar correctamente la vista 1`] = `
<div class="row p-1">
  <div class="col d-flex justify-content-between">
    <div class="px-2"><a class="text-uppercase text-dark" style="cursor: pointer;"><i class="fa-solid fa-angle-left"></i> Volver</a></div>
    <div class="px-2"><a class="text-dark mr-3">Bienvenido: <span class="text-uppercase">jorge</span></a><br><button class="btn btn-secondary mt-2 text-uppercase"><i class="fa-solid fa-arrow-left"></i> Logout</button></div>
  </div>
</div>
<div class="row d-flex justify-content-center mt-3">
  <div class="col-lg-6 col-sm-12 mt-2">
    <table class="table">
      <thead>
        <tr>
          <th scope="col">Audio Name</th>
          <th scope="col">silencio_total</th>
          <th scope="col">Percentage of Audio</th>
        </tr>
      </thead>
    </table>
  </div>
</div>
<div class="row d-flex justify-content-center mt-3"><button id="boton" class="btn btn-secondary"><i class="fa-solid fa-magnifying-glass"></i> Obtener Valores </button></div>
`;
