// Jest Snapshot v1, https://goo.gl/fbAQLP

exports[`Pruebas en la Vista de Tags View Debe de renderizar Correctamente TagsView 1`] = `
<div class="row p-1">
  <div class="col d-flex justify-content-between">
    <div class="px-2"><a class="text-uppercase text-dark" style="cursor: pointer;"><i class="fa-solid fa-angle-left"></i> Volver</a></div>
    <div class="px-2"><a class="text-dark mr-3">Bienvenido: <span class="text-uppercase">jorge</span></a><br><button class="btn btn-secondary mt-2 text-uppercase"><i class="fa-solid fa-arrow-left"></i> Logout</button></div>
  </div>
</div>
<div class="container mt-2 p-2 d-flex justify-content-center animate__animated animate__fadeInDown"><img class="p-2">
  <div class="mt-5">
    <h1>Servicios de Etiquetado</h1>
  </div>
</div>
<div class="container d-flex justify-content-center animate__animated animate__fadeIn">
  <div id="fileUpload" class="card p-3 shadow-sm border"><input type="file" id="file"></div>
</div>
<div class="mt-3 animate__animated animate__fadeIn"><audio id="audio" controls="" autoplay=""></audio></div>
<form>
  <!--v-if-->
  <!--v-if-->
</form>
`;
